Archive member included because of file (symbol)

c:/winavr-20100110/bin/../lib/gcc/avr/4.3.3/avr5\libgcc.a(_udivmodhi4.o)
                              build.obj/Timer0.o (__udivmodhi4)
c:/winavr-20100110/bin/../lib/gcc/avr/4.3.3/avr5\libgcc.a(_exit.o)
                              c:/winavr-20100110/bin/../lib/gcc/avr/4.3.3/../../../../avr/lib/avr5/crtm16.o (exit)
c:/winavr-20100110/bin/../lib/gcc/avr/4.3.3/avr5\libgcc.a(_copy_data.o)
                              build.obj/kernel.o (__do_copy_data)
c:/winavr-20100110/bin/../lib/gcc/avr/4.3.3/avr5\libgcc.a(_clear_bss.o)
                              build.obj/kernel.o (__do_clear_bss)
c:/winavr-20100110/bin/../lib/gcc/avr/4.3.3/../../../../avr/lib/avr5\libc.a(eerd_byte_atmega16.o)
                              build.obj/eeprom.o (__eerd_byte_m16)
c:/winavr-20100110/bin/../lib/gcc/avr/4.3.3/../../../../avr/lib/avr5\libc.a(eewr_byte_atmega16.o)
                              build.obj/eeprom.o (__eewr_byte_m16)

Allocating common symbols
Common symbol       size              file

v_SysStat           0x1               build.obj/kernel.o
v_ErrLevel          0x2               build.obj/Timer0.o
v_uart_txbuf_cnt    0x1               build.obj/Uart.o
buf_debugentry      0x10              build.obj/debugger.o
state_Lock          0x2               build.obj/applic.o
v_pwmcnt            0x1               build.obj/serapp.o
p_uart_rxin         0x2               build.obj/Uart.o
v_ServoUnLock       0x1               build.obj/applic.o
p_uart_rxout        0x2               build.obj/Uart.o
buf_types           0x3c              build.obj/serapp.o
buf_uart_rx         0x10              build.obj/Uart.o
v_CardStatus        0x1               build.obj/scard.o
v_debugcnt          0x1               build.obj/debugger.o
v_SysTimer          0x2               build.obj/Timer0.o
v_StatReg           0x1               build.obj/kernel.o
v_uart_rxbuf_cnt    0x1               build.obj/Uart.o
buf_appentry        0xa               build.obj/serapp.o
buf_uart_tx         0x40              build.obj/Uart.o
v_ServoLock         0x1               build.obj/applic.o
v_SwTimer_mS        0x8               build.obj/Timer0.o
p_uart_txin         0x2               build.obj/Uart.o
v_Chan              0x10              build.obj/adc.o
p_uart_txout        0x2               build.obj/Uart.o
v_appcnt            0x1               build.obj/serapp.o

Memory Configuration

Name             Origin             Length             Attributes
text             0x00000000         0x00020000         xr
data             0x00800060         0x0000ffa0         rw !x
eeprom           0x00810000         0x00010000         rw !x
fuse             0x00820000         0x00000400         rw !x
lock             0x00830000         0x00000400         rw !x
signature        0x00840000         0x00000400         rw !x
*default*        0x00000000         0xffffffff

Linker script and memory map

LOAD c:/winavr-20100110/bin/../lib/gcc/avr/4.3.3/../../../../avr/lib/avr5/crtm16.o
LOAD build.obj/kernel.o
LOAD build.obj/Timer0.o
LOAD build.obj/typeconv.o
LOAD build.obj/applic.o
LOAD build.obj/Uart.o
LOAD build.obj/adc.o
LOAD build.obj/debugger.o
LOAD build.obj/dbgext.o
LOAD build.obj/eeprom.o
LOAD build.obj/serapp.o
LOAD build.obj/Timer1.o
LOAD build.obj/scard.o
LOAD build.obj/delay.o
LOAD c:/winavr-20100110/bin/../lib/gcc/avr/4.3.3/avr5\libgcc.a
LOAD c:/winavr-20100110/bin/../lib/gcc/avr/4.3.3/../../../../avr/lib/avr5\libc.a
LOAD c:/winavr-20100110/bin/../lib/gcc/avr/4.3.3/avr5\libgcc.a

.hash
 *(.hash)

.dynsym
 *(.dynsym)

.dynstr
 *(.dynstr)

.gnu.version
 *(.gnu.version)

.gnu.version_d
 *(.gnu.version_d)

.gnu.version_r
 *(.gnu.version_r)

.rel.init
 *(.rel.init)

.rela.init
 *(.rela.init)

.rel.text
 *(.rel.text)
 *(.rel.text.*)
 *(.rel.gnu.linkonce.t*)

.rela.text
 *(.rela.text)
 *(.rela.text.*)
 *(.rela.gnu.linkonce.t*)

.rel.fini
 *(.rel.fini)

.rela.fini
 *(.rela.fini)

.rel.rodata
 *(.rel.rodata)
 *(.rel.rodata.*)
 *(.rel.gnu.linkonce.r*)

.rela.rodata
 *(.rela.rodata)
 *(.rela.rodata.*)
 *(.rela.gnu.linkonce.r*)

.rel.data
 *(.rel.data)
 *(.rel.data.*)
 *(.rel.gnu.linkonce.d*)

.rela.data
 *(.rela.data)
 *(.rela.data.*)
 *(.rela.gnu.linkonce.d*)

.rel.ctors
 *(.rel.ctors)

.rela.ctors
 *(.rela.ctors)

.rel.dtors
 *(.rel.dtors)

.rela.dtors
 *(.rela.dtors)

.rel.got
 *(.rel.got)

.rela.got
 *(.rela.got)

.rel.bss
 *(.rel.bss)

.rela.bss
 *(.rela.bss)

.rel.plt
 *(.rel.plt)

.rela.plt
 *(.rela.plt)

.text           0x00000000     0x1172
 *(.vectors)
 .vectors       0x00000000       0x54 c:/winavr-20100110/bin/../lib/gcc/avr/4.3.3/../../../../avr/lib/avr5/crtm16.o
                0x00000000                __vectors
                0x00000000                __vector_default
 *(.vectors)
 *(.progmem.gcc*)
 *(.progmem*)
 .progmem.data  0x00000054       0x18 build.obj/debugger.o
                0x00000054                lut_dbgcmd
 .progmem.data  0x0000006c       0x20 build.obj/scard.o
                0x0000006c                lut_SCARDID
                0x0000008c                . = ALIGN (0x2)
                0x0000008c                __trampolines_start = .
 *(.trampolines)
 .trampolines   0x0000008c        0x0 linker stubs
 *(.trampolines*)
                0x0000008c                __trampolines_end = .
 *(.jumptables)
 *(.jumptables*)
 *(.lowtext)
 *(.lowtext*)
                0x0000008c                __ctors_start = .
 *(.ctors)
                0x0000008c                __ctors_end = .
                0x0000008c                __dtors_start = .
 *(.dtors)
                0x0000008c                __dtors_end = .
 SORT(*)(.ctors)
 SORT(*)(.dtors)
 *(.init0)
 .init0         0x0000008c        0x0 c:/winavr-20100110/bin/../lib/gcc/avr/4.3.3/../../../../avr/lib/avr5/crtm16.o
                0x0000008c                __init
 *(.init0)
 *(.init1)
 *(.init1)
 *(.init2)
 .init2         0x0000008c        0xc c:/winavr-20100110/bin/../lib/gcc/avr/4.3.3/../../../../avr/lib/avr5/crtm16.o
 *(.init2)
 *(.init3)
 *(.init3)
 *(.init4)
 .init4         0x00000098       0x16 c:/winavr-20100110/bin/../lib/gcc/avr/4.3.3/avr5\libgcc.a(_copy_data.o)
                0x00000098                __do_copy_data
 .init4         0x000000ae       0x10 c:/winavr-20100110/bin/../lib/gcc/avr/4.3.3/avr5\libgcc.a(_clear_bss.o)
                0x000000ae                __do_clear_bss
 *(.init4)
 *(.init5)
 *(.init5)
 *(.init6)
 *(.init6)
 *(.init7)
 *(.init7)
 *(.init8)
 *(.init8)
 *(.init9)
 .init9         0x000000be        0x8 c:/winavr-20100110/bin/../lib/gcc/avr/4.3.3/../../../../avr/lib/avr5/crtm16.o
 *(.init9)
 *(.text)
 .text          0x000000c6        0x4 c:/winavr-20100110/bin/../lib/gcc/avr/4.3.3/../../../../avr/lib/avr5/crtm16.o
                0x000000c6                __vector_1
                0x000000c6                __bad_interrupt
                0x000000c6                __vector_6
                0x000000c6                __vector_3
                0x000000c6                __vector_13
                0x000000c6                __vector_17
                0x000000c6                __vector_19
                0x000000c6                __vector_7
                0x000000c6                __vector_5
                0x000000c6                __vector_4
                0x000000c6                __vector_2
                0x000000c6                __vector_15
                0x000000c6                __vector_8
                0x000000c6                __vector_10
                0x000000c6                __vector_16
                0x000000c6                __vector_18
                0x000000c6                __vector_20
 .text          0x000000ca       0x5e build.obj/kernel.o
                0x000000ca                main
 .text          0x00000128      0x150 build.obj/Timer0.o
                0x00000178                f_SysTick
                0x00000248                f_SystickSetErrLevel
                0x00000128                f_InitSysTimer
                0x00000252                __vector_9
                0x00000246                f_SwTimerLCM
                0x00000244                f_SwTimerKey
                0x0000023a                f_flashled
 .text          0x00000278       0x90 build.obj/typeconv.o
                0x000002d8                f_HexBinByte
                0x0000029a                f_HexBin
                0x00000278                f_BinHex
 .text          0x00000308      0x11a build.obj/applic.o
                0x000003fa                f_Applic
                0x00000308                f_LockUnLock
                0x00000346                f_LockFSM
                0x0000032c                f_LockLock
                0x00000400                f_Init_Applic
                0x00000322                f_LockIdle
 .text          0x00000422      0x1dc build.obj/Uart.o
                0x00000576                f_Uart_PutChar
                0x00000464                __vector_12
                0x0000052c                f_Uart_GetChar
                0x000004ca                __vector_11
                0x000005c6                f_Uart_PutStr
                0x00000422                f_ConfigSerial
                0x000005f4                f_Uart_NL
                0x000005ea                f_Uart_ClrScr
 .text          0x000005fe       0xea build.obj/adc.o
                0x00000670                f_SysADC
                0x000005fe                f_ConfigADC
                0x00000662                f_StartADC
                0x00000682                __vector_14
 .text          0x000006e8      0x622 build.obj/debugger.o
                0x00000b1a                f_debug_lpc_read
                0x00000c34                f_debug_PinB
                0x00000900                f_debug_lcm_wrcmd
                0x00000886                f_debug_lpc_write
                0x00000c12                f_debug_readEEByte
                0x00000c84                f_TaskDebugger
                0x00000aa2                f_debug_Port_read
                0x000006ee                f_debug_Port_write
                0x00000c24                f_debug_PinD
                0x000006ea                f_debug_user_cmd
                0x00000c44                f_debug_writebyte
                0x00000bcc                f_debug_fpga_read
                0x000007b4                f_debug_asctab
                0x00000c3c                f_debug_PinA
                0x00000bc0                f_debug_lcm_read
                0x000006e8                f_CheckSyntax
                0x00000a60                f_debug_AnalogRead
                0x000006ec                f_debug_spi_rd
                0x00000a14                f_debug_port
                0x0000081a                f_debug_sst_write
                0x00000c2c                f_debug_PinC
                0x0000076e                f_ProcessCMD
                0x00000938                f_debug_bintab
                0x00000c72                f_debug_readbyte
                0x0000075a                f_debug_disable
                0x000008f2                f_debug_lcm_wrdata
                0x0000090e                f_debug_fpga_write
                0x00000bde                f_debug_writeEEbyte
                0x000009c8                f_debug_port_v
                0x00000cee                f_InitDebug
 .text          0x00000d0a       0x18 build.obj/dbgext.o
                0x00000d0e                f_DebugFPGARd
                0x00000d0c                f_DebugFPGAWr
                0x00000d0a                f_Dbg_User_Cmd
                0x00000d14                f_DebugLCMWrData
                0x00000d1e                f_DebugLPCRd
                0x00000d16                f_DebugLCMRd
                0x00000d12                f_DebugLCMWrCmd
                0x00000d1c                f_DebugSSTWr
                0x00000d1a                f_DebugLPCWr
 .text          0x00000d22       0x10 build.obj/eeprom.o
                0x00000d2a                f_EERead
                0x00000d22                f_EEWrite
 .text          0x00000d32      0x1ae build.obj/serapp.o
                0x00000d52                f_ProcessAPPCMD
                0x00000dbc                f_ProcessAPPKey
                0x00000e66                f_SerApp
                0x00000d3e                f_SerApp_DbgEn
                0x00000d32                f_InitSerApp
 .text          0x00000ee0       0x50 build.obj/Timer1.o
                0x00000ee0                f_PWM1Enable
                0x00000f04                f_InitPWM1
                0x00000f1a                f_PWM1Set
                0x00000ef2                f_PWM1Disable
 .text          0x00000f30      0x188 build.obj/scard.o
                0x0000107a                f_SCard_CheckCardIn
                0x00000fee                f_SCard_MatchID
                0x00000f5a                f_SCard_RstCard
                0x00000f6a                f_SCard_Read
                0x00000f48                f_SCard_CCLK
                0x00000f30                f_Init_SCard
 .text          0x000010b8       0x64 build.obj/delay.o
                0x000010be                f_Delay_us
                0x000010d4                f_Delay_ms
                0x000010b8                f_delay_loop_1
 .text          0x0000111c        0x0 c:/winavr-20100110/bin/../lib/gcc/avr/4.3.3/avr5\libgcc.a(_udivmodhi4.o)
 .text          0x0000111c        0x0 c:/winavr-20100110/bin/../lib/gcc/avr/4.3.3/avr5\libgcc.a(_exit.o)
 .text          0x0000111c        0x0 c:/winavr-20100110/bin/../lib/gcc/avr/4.3.3/avr5\libgcc.a(_copy_data.o)
 .text          0x0000111c        0x0 c:/winavr-20100110/bin/../lib/gcc/avr/4.3.3/avr5\libgcc.a(_clear_bss.o)
 .text          0x0000111c        0x0 c:/winavr-20100110/bin/../lib/gcc/avr/4.3.3/../../../../avr/lib/avr5\libc.a(eerd_byte_atmega16.o)
 .text          0x0000111c        0x0 c:/winavr-20100110/bin/../lib/gcc/avr/4.3.3/../../../../avr/lib/avr5\libc.a(eewr_byte_atmega16.o)
                0x0000111c                . = ALIGN (0x2)
 *(.text.*)
 .text.libgcc   0x0000111c       0x28 c:/winavr-20100110/bin/../lib/gcc/avr/4.3.3/avr5\libgcc.a(_udivmodhi4.o)
                0x0000111c                __udivmodhi4
 .text.libgcc   0x00001144        0x0 c:/winavr-20100110/bin/../lib/gcc/avr/4.3.3/avr5\libgcc.a(_exit.o)
 .text.libgcc   0x00001144        0x0 c:/winavr-20100110/bin/../lib/gcc/avr/4.3.3/avr5\libgcc.a(_copy_data.o)
 .text.libgcc   0x00001144        0x0 c:/winavr-20100110/bin/../lib/gcc/avr/4.3.3/avr5\libgcc.a(_clear_bss.o)
 .text.avr-libc
                0x00001144       0x10 c:/winavr-20100110/bin/../lib/gcc/avr/4.3.3/../../../../avr/lib/avr5\libc.a(eerd_byte_atmega16.o)
                0x00001144                __eerd_byte_m16
 .text.avr-libc
                0x00001154       0x1a c:/winavr-20100110/bin/../lib/gcc/avr/4.3.3/../../../../avr/lib/avr5\libc.a(eewr_byte_atmega16.o)
                0x00001156                __eewr_r18_m16
                0x00001154                __eewr_byte_m16
                0x0000116e                . = ALIGN (0x2)
 *(.fini9)
 .fini9         0x0000116e        0x0 c:/winavr-20100110/bin/../lib/gcc/avr/4.3.3/avr5\libgcc.a(_exit.o)
                0x0000116e                exit
                0x0000116e                _exit
 *(.fini9)
 *(.fini8)
 *(.fini8)
 *(.fini7)
 *(.fini7)
 *(.fini6)
 *(.fini6)
 *(.fini5)
 *(.fini5)
 *(.fini4)
 *(.fini4)
 *(.fini3)
 *(.fini3)
 *(.fini2)
 *(.fini2)
 *(.fini1)
 *(.fini1)
 *(.fini0)
 .fini0         0x0000116e        0x4 c:/winavr-20100110/bin/../lib/gcc/avr/4.3.3/avr5\libgcc.a(_exit.o)
 *(.fini0)
                0x00001172                _etext = .

.data           0x00800060      0x168 load address 0x00001172
                0x00800060                PROVIDE (__data_start, .)
 *(.data)
 .data          0x00800060        0x0 c:/winavr-20100110/bin/../lib/gcc/avr/4.3.3/../../../../avr/lib/avr5/crtm16.o
 .data          0x00800060       0x98 build.obj/kernel.o
 .data          0x008000f8        0x0 build.obj/Timer0.o
 .data          0x008000f8       0x10 build.obj/typeconv.o
 .data          0x00800108       0x1c build.obj/applic.o
 .data          0x00800124        0xb build.obj/Uart.o
                0x0080012c                UART_NL
                0x00800124                UART_CLR
 .data          0x0080012f        0x0 build.obj/adc.o
 .data          0x0080012f       0x74 build.obj/debugger.o
                0x00800173                f_lut_dbgfunc
 .data          0x008001a3        0x0 build.obj/dbgext.o
 .data          0x008001a3        0x0 build.obj/eeprom.o
 .data          0x008001a3       0x23 build.obj/serapp.o
 .data          0x008001c6        0x0 build.obj/Timer1.o
 .data          0x008001c6        0x2 build.obj/scard.o
 .data          0x008001c8        0x0 build.obj/delay.o
 .data          0x008001c8        0x0 c:/winavr-20100110/bin/../lib/gcc/avr/4.3.3/avr5\libgcc.a(_udivmodhi4.o)
 .data          0x008001c8        0x0 c:/winavr-20100110/bin/../lib/gcc/avr/4.3.3/avr5\libgcc.a(_exit.o)
 .data          0x008001c8        0x0 c:/winavr-20100110/bin/../lib/gcc/avr/4.3.3/avr5\libgcc.a(_copy_data.o)
 .data          0x008001c8        0x0 c:/winavr-20100110/bin/../lib/gcc/avr/4.3.3/avr5\libgcc.a(_clear_bss.o)
 .data          0x008001c8        0x0 c:/winavr-20100110/bin/../lib/gcc/avr/4.3.3/../../../../avr/lib/avr5\libc.a(eerd_byte_atmega16.o)
 .data          0x008001c8        0x0 c:/winavr-20100110/bin/../lib/gcc/avr/4.3.3/../../../../avr/lib/avr5\libc.a(eewr_byte_atmega16.o)
 *(.data*)
 *(.rodata)
 *(.rodata*)
 *(.gnu.linkonce.d*)
                0x008001c8                . = ALIGN (0x2)
                0x008001c8                _edata = .
                0x008001c8                PROVIDE (__data_end, .)

.bss            0x008001c8       0xd6
                0x008001c8                PROVIDE (__bss_start, .)
 *(.bss)
 .bss           0x008001c8        0x0 c:/winavr-20100110/bin/../lib/gcc/avr/4.3.3/../../../../avr/lib/avr5/crtm16.o
 .bss           0x008001c8        0x0 build.obj/kernel.o
 .bss           0x008001c8        0x0 build.obj/Timer0.o
 .bss           0x008001c8        0x0 build.obj/typeconv.o
 .bss           0x008001c8        0x0 build.obj/applic.o
 .bss           0x008001c8        0x0 build.obj/Uart.o
 .bss           0x008001c8        0x0 build.obj/adc.o
 .bss           0x008001c8        0x0 build.obj/debugger.o
 .bss           0x008001c8        0x0 build.obj/dbgext.o
 .bss           0x008001c8        0x0 build.obj/eeprom.o
 .bss           0x008001c8        0x0 build.obj/serapp.o
 .bss           0x008001c8        0x0 build.obj/Timer1.o
 .bss           0x008001c8        0x0 build.obj/scard.o
 .bss           0x008001c8        0x0 build.obj/delay.o
 .bss           0x008001c8        0x0 c:/winavr-20100110/bin/../lib/gcc/avr/4.3.3/avr5\libgcc.a(_udivmodhi4.o)
 .bss           0x008001c8        0x0 c:/winavr-20100110/bin/../lib/gcc/avr/4.3.3/avr5\libgcc.a(_exit.o)
 .bss           0x008001c8        0x0 c:/winavr-20100110/bin/../lib/gcc/avr/4.3.3/avr5\libgcc.a(_copy_data.o)
 .bss           0x008001c8        0x0 c:/winavr-20100110/bin/../lib/gcc/avr/4.3.3/avr5\libgcc.a(_clear_bss.o)
 .bss           0x008001c8        0x0 c:/winavr-20100110/bin/../lib/gcc/avr/4.3.3/../../../../avr/lib/avr5\libc.a(eerd_byte_atmega16.o)
 .bss           0x008001c8        0x0 c:/winavr-20100110/bin/../lib/gcc/avr/4.3.3/../../../../avr/lib/avr5\libc.a(eewr_byte_atmega16.o)
 *(.bss*)
 *(COMMON)
 COMMON         0x008001c8        0x2 build.obj/kernel.o
                0x008001c8                v_SysStat
                0x008001c9                v_StatReg
 COMMON         0x008001ca        0xc build.obj/Timer0.o
                0x008001ca                v_ErrLevel
                0x008001cc                v_SysTimer
                0x008001ce                v_SwTimer_mS
 COMMON         0x008001d6        0x4 build.obj/applic.o
                0x008001d6                state_Lock
                0x008001d8                v_ServoUnLock
                0x008001d9                v_ServoLock
 COMMON         0x008001da       0x5a build.obj/Uart.o
                0x008001da                v_uart_txbuf_cnt
                0x008001db                p_uart_rxin
                0x008001dd                p_uart_rxout
                0x008001df                buf_uart_rx
                0x008001ef                v_uart_rxbuf_cnt
                0x008001f0                buf_uart_tx
                0x00800230                p_uart_txin
                0x00800232                p_uart_txout
 COMMON         0x00800234       0x10 build.obj/adc.o
                0x00800234                v_Chan
 COMMON         0x00800244       0x11 build.obj/debugger.o
                0x00800244                buf_debugentry
                0x00800254                v_debugcnt
 COMMON         0x00800255       0x48 build.obj/serapp.o
                0x00800255                v_pwmcnt
                0x00800256                buf_types
                0x00800292                buf_appentry
                0x0080029c                v_appcnt
 COMMON         0x0080029d        0x1 build.obj/scard.o
                0x0080029d                v_CardStatus
                0x0080029e                PROVIDE (__bss_end, .)
                0x00001172                __data_load_start = LOADADDR (.data)
                0x000012da                __data_load_end = (__data_load_start + SIZEOF (.data))

.noinit         0x0080029e        0x0
                0x0080029e                PROVIDE (__noinit_start, .)
 *(.noinit*)
                0x0080029e                PROVIDE (__noinit_end, .)
                0x0080029e                _end = .
                0x0080029e                PROVIDE (__heap_start, .)

.eeprom         0x00810000        0x0
 *(.eeprom*)
                0x00810000                __eeprom_end = .

.fuse
 *(.fuse)
 *(.lfuse)
 *(.hfuse)
 *(.efuse)

.lock
 *(.lock*)

.signature
 *(.signature*)

.stab
 *(.stab)

.stabstr
 *(.stabstr)

.stab.excl
 *(.stab.excl)

.stab.exclstr
 *(.stab.exclstr)

.stab.index
 *(.stab.index)

.stab.indexstr
 *(.stab.indexstr)

.comment
 *(.comment)

.debug
 *(.debug)

.line
 *(.line)

.debug_srcinfo
 *(.debug_srcinfo)

.debug_sfnames
 *(.debug_sfnames)

.debug_aranges  0x00000000      0x1a0
 *(.debug_aranges)
 .debug_aranges
                0x00000000       0x20 build.obj/kernel.o
 .debug_aranges
                0x00000020       0x20 build.obj/Timer0.o
 .debug_aranges
                0x00000040       0x20 build.obj/typeconv.o
 .debug_aranges
                0x00000060       0x20 build.obj/applic.o
 .debug_aranges
                0x00000080       0x20 build.obj/Uart.o
 .debug_aranges
                0x000000a0       0x20 build.obj/adc.o
 .debug_aranges
                0x000000c0       0x20 build.obj/debugger.o
 .debug_aranges
                0x000000e0       0x20 build.obj/dbgext.o
 .debug_aranges
                0x00000100       0x20 build.obj/eeprom.o
 .debug_aranges
                0x00000120       0x20 build.obj/serapp.o
 .debug_aranges
                0x00000140       0x20 build.obj/Timer1.o
 .debug_aranges
                0x00000160       0x20 build.obj/scard.o
 .debug_aranges
                0x00000180       0x20 build.obj/delay.o

.debug_pubnames
                0x00000000      0x8de
 *(.debug_pubnames)
 .debug_pubnames
                0x00000000       0x37 build.obj/kernel.o
 .debug_pubnames
                0x00000037       0xbb build.obj/Timer0.o
 .debug_pubnames
                0x000000f2       0x3d build.obj/typeconv.o
 .debug_pubnames
                0x0000012f       0x9f build.obj/applic.o
 .debug_pubnames
                0x000001ce      0x142 build.obj/Uart.o
 .debug_pubnames
                0x00000310       0x59 build.obj/adc.o
 .debug_pubnames
                0x00000369      0x2b3 build.obj/debugger.o
 .debug_pubnames
                0x0000061c       0xb6 build.obj/dbgext.o
 .debug_pubnames
                0x000006d2       0x2d build.obj/eeprom.o
 .debug_pubnames
                0x000006ff       0xa4 build.obj/serapp.o
 .debug_pubnames
                0x000007a3       0x52 build.obj/Timer1.o
 .debug_pubnames
                0x000007f5       0xa6 build.obj/scard.o
 .debug_pubnames
                0x0000089b       0x43 build.obj/delay.o

.debug_info     0x00000000     0x1d78
 *(.debug_info)
 .debug_info    0x00000000       0xfe build.obj/kernel.o
 .debug_info    0x000000fe      0x1f1 build.obj/Timer0.o
 .debug_info    0x000002ef      0x180 build.obj/typeconv.o
 .debug_info    0x0000046f      0x1c1 build.obj/applic.o
 .debug_info    0x00000630      0x29e build.obj/Uart.o
 .debug_info    0x000008ce      0x16d build.obj/adc.o
 .debug_info    0x00000a3b      0x85e build.obj/debugger.o
 .debug_info    0x00001299      0x1fe build.obj/dbgext.o
 .debug_info    0x00001497       0xe8 build.obj/eeprom.o
 .debug_info    0x0000157f      0x239 build.obj/serapp.o
 .debug_info    0x000017b8      0x10d build.obj/Timer1.o
 .debug_info    0x000018c5      0x261 build.obj/scard.o
 .debug_info    0x00001b26      0x252 build.obj/delay.o
 *(.gnu.linkonce.wi.*)

.debug_abbrev   0x00000000      0xbaa
 *(.debug_abbrev)
 .debug_abbrev  0x00000000       0x90 build.obj/kernel.o
 .debug_abbrev  0x00000090      0x10f build.obj/Timer0.o
 .debug_abbrev  0x0000019f       0xd0 build.obj/typeconv.o
 .debug_abbrev  0x0000026f       0xf7 build.obj/applic.o
 .debug_abbrev  0x00000366       0xee build.obj/Uart.o
 .debug_abbrev  0x00000454       0xf9 build.obj/adc.o
 .debug_abbrev  0x0000054d      0x188 build.obj/debugger.o
 .debug_abbrev  0x000006d5       0xa6 build.obj/dbgext.o
 .debug_abbrev  0x0000077b       0x81 build.obj/eeprom.o
 .debug_abbrev  0x000007fc      0x103 build.obj/serapp.o
 .debug_abbrev  0x000008ff       0x87 build.obj/Timer1.o
 .debug_abbrev  0x00000986      0x102 build.obj/scard.o
 .debug_abbrev  0x00000a88      0x122 build.obj/delay.o

.debug_line     0x00000000     0x1b6a
 *(.debug_line)
 .debug_line    0x00000000      0x123 build.obj/kernel.o
 .debug_line    0x00000123      0x1fd build.obj/Timer0.o
 .debug_line    0x00000320      0x153 build.obj/typeconv.o
 .debug_line    0x00000473      0x213 build.obj/applic.o
 .debug_line    0x00000686      0x271 build.obj/Uart.o
 .debug_line    0x000008f7      0x140 build.obj/adc.o
 .debug_line    0x00000a37      0x7f6 build.obj/debugger.o
 .debug_line    0x0000122d      0x111 build.obj/dbgext.o
 .debug_line    0x0000133e       0xb9 build.obj/eeprom.o
 .debug_line    0x000013f7      0x261 build.obj/serapp.o
 .debug_line    0x00001658      0x143 build.obj/Timer1.o
 .debug_line    0x0000179b      0x26a build.obj/scard.o
 .debug_line    0x00001a05      0x165 build.obj/delay.o

.debug_frame    0x00000000      0x650
 *(.debug_frame)
 .debug_frame   0x00000000       0x20 build.obj/kernel.o
 .debug_frame   0x00000020       0x80 build.obj/Timer0.o
 .debug_frame   0x000000a0       0x40 build.obj/typeconv.o
 .debug_frame   0x000000e0       0x70 build.obj/applic.o
 .debug_frame   0x00000150       0x90 build.obj/Uart.o
 .debug_frame   0x000001e0       0x50 build.obj/adc.o
 .debug_frame   0x00000230      0x1f0 build.obj/debugger.o
 .debug_frame   0x00000420       0xa0 build.obj/dbgext.o
 .debug_frame   0x000004c0       0x30 build.obj/eeprom.o
 .debug_frame   0x000004f0       0x60 build.obj/serapp.o
 .debug_frame   0x00000550       0x50 build.obj/Timer1.o
 .debug_frame   0x000005a0       0x70 build.obj/scard.o
 .debug_frame   0x00000610       0x40 build.obj/delay.o

.debug_str      0x00000000      0x99e
 *(.debug_str)
 .debug_str     0x00000000       0xf3 build.obj/kernel.o
                                0x12c (size before relaxing)
 .debug_str     0x000000f3       0xb9 build.obj/Timer0.o
                                0x1b0 (size before relaxing)
 .debug_str     0x000001ac       0x5d build.obj/typeconv.o
                                0x118 (size before relaxing)
 .debug_str     0x00000209       0xd1 build.obj/applic.o
                                0x1d2 (size before relaxing)
 .debug_str     0x000002da      0x108 build.obj/Uart.o
                                0x1fa (size before relaxing)
 .debug_str     0x000003e2       0x59 build.obj/adc.o
                                0x15e (size before relaxing)
 .debug_str     0x0000043b      0x26a build.obj/debugger.o
                                0x392 (size before relaxing)
 .debug_str     0x000006a5       0x93 build.obj/dbgext.o
                                0x153 (size before relaxing)
 .debug_str     0x00000738       0x31 build.obj/eeprom.o
                                0x125 (size before relaxing)
 .debug_str     0x00000769       0x9b build.obj/serapp.o
                                0x1d0 (size before relaxing)
 .debug_str     0x00000804       0x5c build.obj/Timer1.o
                                0x149 (size before relaxing)
 .debug_str     0x00000860       0xdb build.obj/scard.o
                                0x1f6 (size before relaxing)
 .debug_str     0x0000093b       0x63 build.obj/delay.o
                                0x158 (size before relaxing)

.debug_loc      0x00000000      0x8d6
 *(.debug_loc)
 .debug_loc     0x00000000       0x13 build.obj/Timer0.o
 .debug_loc     0x00000013       0xd5 build.obj/typeconv.o
 .debug_loc     0x000000e8       0x4e build.obj/Uart.o
 .debug_loc     0x00000136       0x3f build.obj/adc.o
 .debug_loc     0x00000175      0x45f build.obj/debugger.o
 .debug_loc     0x000005d4       0x26 build.obj/dbgext.o
 .debug_loc     0x000005fa       0x39 build.obj/eeprom.o
 .debug_loc     0x00000633      0x124 build.obj/serapp.o
 .debug_loc     0x00000757       0xd1 build.obj/scard.o
 .debug_loc     0x00000828       0xae build.obj/delay.o

.debug_macinfo
 *(.debug_macinfo)
OUTPUT(build.obj/kernel.elf elf32-avr)
LOAD linker stubs

.debug_ranges   0x00000000       0x48
 .debug_ranges  0x00000000       0x48 build.obj/delay.o

Cross Reference Table

Symbol                                            File
UART_CLR                                          build.obj/Uart.o
UART_NL                                           build.obj/Uart.o
__bad_interrupt                                   c:/winavr-20100110/bin/../lib/gcc/avr/4.3.3/../../../../avr/lib/avr5/crtm16.o
__bss_end                                         c:/winavr-20100110/bin/../lib/gcc/avr/4.3.3/avr5\libgcc.a(_clear_bss.o)
__bss_start                                       c:/winavr-20100110/bin/../lib/gcc/avr/4.3.3/avr5\libgcc.a(_clear_bss.o)
__data_end                                        c:/winavr-20100110/bin/../lib/gcc/avr/4.3.3/avr5\libgcc.a(_copy_data.o)
__data_load_start                                 c:/winavr-20100110/bin/../lib/gcc/avr/4.3.3/avr5\libgcc.a(_copy_data.o)
__data_start                                      c:/winavr-20100110/bin/../lib/gcc/avr/4.3.3/avr5\libgcc.a(_copy_data.o)
__do_clear_bss                                    c:/winavr-20100110/bin/../lib/gcc/avr/4.3.3/avr5\libgcc.a(_clear_bss.o)
                                                  build.obj/scard.o
                                                  build.obj/serapp.o
                                                  build.obj/debugger.o
                                                  build.obj/adc.o
                                                  build.obj/Uart.o
                                                  build.obj/applic.o
                                                  build.obj/Timer0.o
                                                  build.obj/kernel.o
__do_copy_data                                    c:/winavr-20100110/bin/../lib/gcc/avr/4.3.3/avr5\libgcc.a(_copy_data.o)
                                                  build.obj/scard.o
                                                  build.obj/serapp.o
                                                  build.obj/debugger.o
                                                  build.obj/Uart.o
                                                  build.obj/applic.o
                                                  build.obj/typeconv.o
                                                  build.obj/kernel.o
__eerd_byte_m16                                   c:/winavr-20100110/bin/../lib/gcc/avr/4.3.3/../../../../avr/lib/avr5\libc.a(eerd_byte_atmega16.o)
                                                  build.obj/eeprom.o
__eewr_byte_m16                                   c:/winavr-20100110/bin/../lib/gcc/avr/4.3.3/../../../../avr/lib/avr5\libc.a(eewr_byte_atmega16.o)
                                                  build.obj/eeprom.o
__eewr_r18_m16                                    c:/winavr-20100110/bin/../lib/gcc/avr/4.3.3/../../../../avr/lib/avr5\libc.a(eewr_byte_atmega16.o)
__heap_end                                        c:/winavr-20100110/bin/../lib/gcc/avr/4.3.3/../../../../avr/lib/avr5/crtm16.o
__init                                            c:/winavr-20100110/bin/../lib/gcc/avr/4.3.3/../../../../avr/lib/avr5/crtm16.o
__stack                                           c:/winavr-20100110/bin/../lib/gcc/avr/4.3.3/../../../../avr/lib/avr5/crtm16.o
__udivmodhi4                                      c:/winavr-20100110/bin/../lib/gcc/avr/4.3.3/avr5\libgcc.a(_udivmodhi4.o)
                                                  build.obj/Timer0.o
__vector_1                                        c:/winavr-20100110/bin/../lib/gcc/avr/4.3.3/../../../../avr/lib/avr5/crtm16.o
__vector_10                                       c:/winavr-20100110/bin/../lib/gcc/avr/4.3.3/../../../../avr/lib/avr5/crtm16.o
__vector_11                                       build.obj/Uart.o
                                                  c:/winavr-20100110/bin/../lib/gcc/avr/4.3.3/../../../../avr/lib/avr5/crtm16.o
__vector_12                                       build.obj/Uart.o
                                                  c:/winavr-20100110/bin/../lib/gcc/avr/4.3.3/../../../../avr/lib/avr5/crtm16.o
__vector_13                                       c:/winavr-20100110/bin/../lib/gcc/avr/4.3.3/../../../../avr/lib/avr5/crtm16.o
__vector_14                                       build.obj/adc.o
                                                  c:/winavr-20100110/bin/../lib/gcc/avr/4.3.3/../../../../avr/lib/avr5/crtm16.o
__vector_15                                       c:/winavr-20100110/bin/../lib/gcc/avr/4.3.3/../../../../avr/lib/avr5/crtm16.o
__vector_16                                       c:/winavr-20100110/bin/../lib/gcc/avr/4.3.3/../../../../avr/lib/avr5/crtm16.o
__vector_17                                       c:/winavr-20100110/bin/../lib/gcc/avr/4.3.3/../../../../avr/lib/avr5/crtm16.o
__vector_18                                       c:/winavr-20100110/bin/../lib/gcc/avr/4.3.3/../../../../avr/lib/avr5/crtm16.o
__vector_19                                       c:/winavr-20100110/bin/../lib/gcc/avr/4.3.3/../../../../avr/lib/avr5/crtm16.o
__vector_2                                        c:/winavr-20100110/bin/../lib/gcc/avr/4.3.3/../../../../avr/lib/avr5/crtm16.o
__vector_20                                       c:/winavr-20100110/bin/../lib/gcc/avr/4.3.3/../../../../avr/lib/avr5/crtm16.o
__vector_3                                        c:/winavr-20100110/bin/../lib/gcc/avr/4.3.3/../../../../avr/lib/avr5/crtm16.o
__vector_4                                        c:/winavr-20100110/bin/../lib/gcc/avr/4.3.3/../../../../avr/lib/avr5/crtm16.o
__vector_5                                        c:/winavr-20100110/bin/../lib/gcc/avr/4.3.3/../../../../avr/lib/avr5/crtm16.o
__vector_6                                        c:/winavr-20100110/bin/../lib/gcc/avr/4.3.3/../../../../avr/lib/avr5/crtm16.o
__vector_7                                        c:/winavr-20100110/bin/../lib/gcc/avr/4.3.3/../../../../avr/lib/avr5/crtm16.o
__vector_8                                        c:/winavr-20100110/bin/../lib/gcc/avr/4.3.3/../../../../avr/lib/avr5/crtm16.o
__vector_9                                        build.obj/Timer0.o
                                                  c:/winavr-20100110/bin/../lib/gcc/avr/4.3.3/../../../../avr/lib/avr5/crtm16.o
__vector_default                                  c:/winavr-20100110/bin/../lib/gcc/avr/4.3.3/../../../../avr/lib/avr5/crtm16.o
__vectors                                         c:/winavr-20100110/bin/../lib/gcc/avr/4.3.3/../../../../avr/lib/avr5/crtm16.o
_exit                                             c:/winavr-20100110/bin/../lib/gcc/avr/4.3.3/avr5\libgcc.a(_exit.o)
buf_appentry                                      build.obj/serapp.o
buf_debugentry                                    build.obj/debugger.o
buf_types                                         build.obj/serapp.o
buf_uart_rx                                       build.obj/Uart.o
buf_uart_tx                                       build.obj/Uart.o
exit                                              c:/winavr-20100110/bin/../lib/gcc/avr/4.3.3/avr5\libgcc.a(_exit.o)
                                                  c:/winavr-20100110/bin/../lib/gcc/avr/4.3.3/../../../../avr/lib/avr5/crtm16.o
f_Applic                                          build.obj/applic.o
                                                  build.obj/kernel.o
f_BinHex                                          build.obj/typeconv.o
                                                  build.obj/scard.o
                                                  build.obj/debugger.o
f_CheckSyntax                                     build.obj/debugger.o
f_ConfigADC                                       build.obj/adc.o
                                                  build.obj/kernel.o
f_ConfigSerial                                    build.obj/Uart.o
                                                  build.obj/kernel.o
f_Dbg_User_Cmd                                    build.obj/dbgext.o
f_DebugFPGARd                                     build.obj/dbgext.o
                                                  build.obj/debugger.o
f_DebugFPGAWr                                     build.obj/dbgext.o
                                                  build.obj/debugger.o
f_DebugLCMRd                                      build.obj/dbgext.o
                                                  build.obj/debugger.o
f_DebugLCMWrCmd                                   build.obj/dbgext.o
                                                  build.obj/debugger.o
f_DebugLCMWrData                                  build.obj/dbgext.o
                                                  build.obj/debugger.o
f_DebugLPCRd                                      build.obj/dbgext.o
                                                  build.obj/debugger.o
f_DebugLPCWr                                      build.obj/dbgext.o
                                                  build.obj/debugger.o
f_DebugSSTWr                                      build.obj/dbgext.o
                                                  build.obj/debugger.o
f_Delay_ms                                        build.obj/delay.o
f_Delay_us                                        build.obj/delay.o
                                                  build.obj/scard.o
f_EERead                                          build.obj/eeprom.o
                                                  build.obj/debugger.o
f_EEWrite                                         build.obj/eeprom.o
                                                  build.obj/debugger.o
f_HexBin                                          build.obj/typeconv.o
                                                  build.obj/debugger.o
f_HexBinByte                                      build.obj/typeconv.o
                                                  build.obj/debugger.o
f_InitDebug                                       build.obj/debugger.o
                                                  build.obj/kernel.o
f_InitPWM1                                        build.obj/Timer1.o
                                                  build.obj/applic.o
                                                  build.obj/kernel.o
f_InitSerApp                                      build.obj/serapp.o
                                                  build.obj/kernel.o
f_InitSysTimer                                    build.obj/Timer0.o
                                                  build.obj/kernel.o
f_Init_Applic                                     build.obj/applic.o
f_Init_SCard                                      build.obj/scard.o
                                                  build.obj/kernel.o
f_LockFSM                                         build.obj/applic.o
f_LockIdle                                        build.obj/applic.o
f_LockLock                                        build.obj/applic.o
f_LockUnLock                                      build.obj/applic.o
f_PWM1Disable                                     build.obj/Timer1.o
                                                  build.obj/serapp.o
f_PWM1Enable                                      build.obj/Timer1.o
                                                  build.obj/serapp.o
                                                  build.obj/applic.o
f_PWM1Set                                         build.obj/Timer1.o
                                                  build.obj/serapp.o
                                                  build.obj/applic.o
f_ProcessAPPCMD                                   build.obj/serapp.o
f_ProcessAPPKey                                   build.obj/serapp.o
f_ProcessCMD                                      build.obj/debugger.o
f_SCard_CCLK                                      build.obj/scard.o
f_SCard_CheckCardIn                               build.obj/scard.o
                                                  build.obj/applic.o
f_SCard_MatchID                                   build.obj/scard.o
f_SCard_Read                                      build.obj/scard.o
f_SCard_RstCard                                   build.obj/scard.o
f_SerApp                                          build.obj/serapp.o
                                                  build.obj/kernel.o
f_SerApp_DbgEn                                    build.obj/serapp.o
f_StartADC                                        build.obj/adc.o
f_SwTimerKey                                      build.obj/Timer0.o
f_SwTimerLCM                                      build.obj/Timer0.o
f_SysADC                                          build.obj/adc.o
                                                  build.obj/kernel.o
f_SysTick                                         build.obj/Timer0.o
                                                  build.obj/kernel.o
f_SystickSetErrLevel                              build.obj/Timer0.o
f_TaskDebugger                                    build.obj/debugger.o
                                                  build.obj/kernel.o
f_Uart_ClrScr                                     build.obj/Uart.o
                                                  build.obj/debugger.o
                                                  build.obj/kernel.o
f_Uart_GetChar                                    build.obj/Uart.o
                                                  build.obj/serapp.o
                                                  build.obj/debugger.o
f_Uart_NL                                         build.obj/Uart.o
f_Uart_PutChar                                    build.obj/Uart.o
                                                  build.obj/serapp.o
                                                  build.obj/debugger.o
f_Uart_PutStr                                     build.obj/Uart.o
                                                  build.obj/scard.o
                                                  build.obj/serapp.o
                                                  build.obj/debugger.o
                                                  build.obj/applic.o
                                                  build.obj/kernel.o
f_debug_AnalogRead                                build.obj/debugger.o
f_debug_PinA                                      build.obj/debugger.o
f_debug_PinB                                      build.obj/debugger.o
f_debug_PinC                                      build.obj/debugger.o
f_debug_PinD                                      build.obj/debugger.o
f_debug_Port_read                                 build.obj/debugger.o
f_debug_Port_write                                build.obj/debugger.o
f_debug_asctab                                    build.obj/debugger.o
f_debug_bintab                                    build.obj/debugger.o
f_debug_disable                                   build.obj/debugger.o
f_debug_fpga_read                                 build.obj/debugger.o
f_debug_fpga_write                                build.obj/debugger.o
f_debug_lcm_read                                  build.obj/debugger.o
f_debug_lcm_wrcmd                                 build.obj/debugger.o
f_debug_lcm_wrdata                                build.obj/debugger.o
f_debug_lpc_read                                  build.obj/debugger.o
f_debug_lpc_write                                 build.obj/debugger.o
f_debug_port                                      build.obj/debugger.o
f_debug_port_v                                    build.obj/debugger.o
f_debug_readEEByte                                build.obj/debugger.o
f_debug_readbyte                                  build.obj/debugger.o
f_debug_spi_rd                                    build.obj/debugger.o
f_debug_sst_write                                 build.obj/debugger.o
f_debug_user_cmd                                  build.obj/debugger.o
f_debug_writeEEbyte                               build.obj/debugger.o
f_debug_writebyte                                 build.obj/debugger.o
f_delay_loop_1                                    build.obj/delay.o
f_flashled                                        build.obj/Timer0.o
f_lut_dbgfunc                                     build.obj/debugger.o
lut_SCARDID                                       build.obj/scard.o
lut_dbgcmd                                        build.obj/debugger.o
main                                              build.obj/kernel.o
                                                  c:/winavr-20100110/bin/../lib/gcc/avr/4.3.3/../../../../avr/lib/avr5/crtm16.o
p_uart_rxin                                       build.obj/Uart.o
p_uart_rxout                                      build.obj/Uart.o
p_uart_txin                                       build.obj/Uart.o
p_uart_txout                                      build.obj/Uart.o
state_Lock                                        build.obj/applic.o
v_CardStatus                                      build.obj/scard.o
v_Chan                                            build.obj/debugger.o
                                                  build.obj/adc.o
v_ErrLevel                                        build.obj/Timer0.o
v_ServoLock                                       build.obj/serapp.o
                                                  build.obj/applic.o
v_ServoUnLock                                     build.obj/serapp.o
                                                  build.obj/applic.o
v_StatReg                                         build.obj/kernel.o
v_SwTimer_mS                                      build.obj/applic.o
                                                  build.obj/Timer0.o
v_SysStat                                         build.obj/serapp.o
                                                  build.obj/debugger.o
                                                  build.obj/adc.o
                                                  build.obj/Timer0.o
                                                  build.obj/kernel.o
v_SysTimer                                        build.obj/Timer0.o
v_appcnt                                          build.obj/serapp.o
v_debugcnt                                        build.obj/debugger.o
v_pwmcnt                                          build.obj/serapp.o
v_uart_rxbuf_cnt                                  build.obj/Uart.o
v_uart_txbuf_cnt                                  build.obj/Uart.o
