Archive member included because of file (symbol)

c:/winavr-20100110/bin/../lib/gcc/avr/4.3.3/avr5\libgcc.a(_udivmodhi4.o)
                              build.obj/Timer0.o (__udivmodhi4)
c:/winavr-20100110/bin/../lib/gcc/avr/4.3.3/avr5\libgcc.a(_exit.o)
                              c:/winavr-20100110/bin/../lib/gcc/avr/4.3.3/../../../../avr/lib/avr5/crtm16.o (exit)
c:/winavr-20100110/bin/../lib/gcc/avr/4.3.3/avr5\libgcc.a(_copy_data.o)
                              build.obj/kernel.o (__do_copy_data)
c:/winavr-20100110/bin/../lib/gcc/avr/4.3.3/avr5\libgcc.a(_clear_bss.o)
                              build.obj/kernel.o (__do_clear_bss)
c:/winavr-20100110/bin/../lib/gcc/avr/4.3.3/../../../../avr/lib/avr5\libc.a(eerd_byte_atmega16.o)
                              build.obj/eeprom.o (__eerd_byte_m16)
c:/winavr-20100110/bin/../lib/gcc/avr/4.3.3/../../../../avr/lib/avr5\libc.a(eewr_byte_atmega16.o)
                              build.obj/eeprom.o (__eewr_byte_m16)

Allocating common symbols
Common symbol       size              file

v_SysStat           0x1               build.obj/kernel.o
v_ErrLevel          0x2               build.obj/Timer0.o
v_uart_txbuf_cnt    0x1               build.obj/Uart.o
app_subscription    0x1               build.obj/applic.o
state_Lock          0x2               build.obj/applic.o
v_pwmcnt            0x1               build.obj/serapp.o
p_uart_rxin         0x2               build.obj/Uart.o
v_ServoUnLock       0x1               build.obj/applic.o
p_uart_rxout        0x2               build.obj/Uart.o
buf_types           0x3c              build.obj/serapp.o
buf_uart_rx         0x10              build.obj/Uart.o
v_CardStatus        0x1               build.obj/scard.o
v_SysTimer          0x2               build.obj/Timer0.o
v_StatReg           0x1               build.obj/kernel.o
v_uart_rxbuf_cnt    0x1               build.obj/Uart.o
buf_appentry        0xa               build.obj/serapp.o
buf_uart_tx         0x40              build.obj/Uart.o
v_ServoLock         0x1               build.obj/applic.o
v_SwTimer_mS        0x8               build.obj/Timer0.o
p_uart_txin         0x2               build.obj/Uart.o
v_Chan              0x10              build.obj/adc.o
p_uart_txout        0x2               build.obj/Uart.o
v_appcnt            0x1               build.obj/serapp.o

Memory Configuration

Name             Origin             Length             Attributes
text             0x00000000         0x00020000         xr
data             0x00800060         0x0000ffa0         rw !x
eeprom           0x00810000         0x00010000         rw !x
fuse             0x00820000         0x00000400         rw !x
lock             0x00830000         0x00000400         rw !x
signature        0x00840000         0x00000400         rw !x
*default*        0x00000000         0xffffffff

Linker script and memory map

LOAD c:/winavr-20100110/bin/../lib/gcc/avr/4.3.3/../../../../avr/lib/avr5/crtm16.o
LOAD build.obj/kernel.o
LOAD build.obj/Timer0.o
LOAD build.obj/typeconv.o
LOAD build.obj/applic.o
LOAD build.obj/Uart.o
LOAD build.obj/adc.o
LOAD build.obj/debugger.o
LOAD build.obj/dbgext.o
LOAD build.obj/eeprom.o
LOAD build.obj/serapp.o
LOAD build.obj/Timer1.o
LOAD build.obj/scard.o
LOAD build.obj/delay.o
LOAD c:/winavr-20100110/bin/../lib/gcc/avr/4.3.3/avr5\libgcc.a
LOAD c:/winavr-20100110/bin/../lib/gcc/avr/4.3.3/../../../../avr/lib/avr5\libc.a
LOAD c:/winavr-20100110/bin/../lib/gcc/avr/4.3.3/avr5\libgcc.a

.hash
 *(.hash)

.dynsym
 *(.dynsym)

.dynstr
 *(.dynstr)

.gnu.version
 *(.gnu.version)

.gnu.version_d
 *(.gnu.version_d)

.gnu.version_r
 *(.gnu.version_r)

.rel.init
 *(.rel.init)

.rela.init
 *(.rela.init)

.rel.text
 *(.rel.text)
 *(.rel.text.*)
 *(.rel.gnu.linkonce.t*)

.rela.text
 *(.rela.text)
 *(.rela.text.*)
 *(.rela.gnu.linkonce.t*)

.rel.fini
 *(.rel.fini)

.rela.fini
 *(.rela.fini)

.rel.rodata
 *(.rel.rodata)
 *(.rel.rodata.*)
 *(.rel.gnu.linkonce.r*)

.rela.rodata
 *(.rela.rodata)
 *(.rela.rodata.*)
 *(.rela.gnu.linkonce.r*)

.rel.data
 *(.rel.data)
 *(.rel.data.*)
 *(.rel.gnu.linkonce.d*)

.rela.data
 *(.rela.data)
 *(.rela.data.*)
 *(.rela.gnu.linkonce.d*)

.rel.ctors
 *(.rel.ctors)

.rela.ctors
 *(.rela.ctors)

.rel.dtors
 *(.rel.dtors)

.rela.dtors
 *(.rela.dtors)

.rel.got
 *(.rel.got)

.rela.got
 *(.rela.got)

.rel.bss
 *(.rel.bss)

.rela.bss
 *(.rela.bss)

.rel.plt
 *(.rel.plt)

.rela.plt
 *(.rela.plt)

.text           0x00000000      0xca0
 *(.vectors)
 .vectors       0x00000000       0x54 c:/winavr-20100110/bin/../lib/gcc/avr/4.3.3/../../../../avr/lib/avr5/crtm16.o
                0x00000000                __vectors
                0x00000000                __vector_default
 *(.vectors)
 *(.progmem.gcc*)
 *(.progmem*)
 .progmem.data  0x00000054       0x20 build.obj/scard.o
                0x00000054                lut_SCARDID
                0x00000074                . = ALIGN (0x2)
                0x00000074                __trampolines_start = .
 *(.trampolines)
 .trampolines   0x00000074        0x0 linker stubs
 *(.trampolines*)
                0x00000074                __trampolines_end = .
 *(.jumptables)
 *(.jumptables*)
 *(.lowtext)
 *(.lowtext*)
                0x00000074                __ctors_start = .
 *(.ctors)
                0x00000074                __ctors_end = .
                0x00000074                __dtors_start = .
 *(.dtors)
                0x00000074                __dtors_end = .
 SORT(*)(.ctors)
 SORT(*)(.dtors)
 *(.init0)
 .init0         0x00000074        0x0 c:/winavr-20100110/bin/../lib/gcc/avr/4.3.3/../../../../avr/lib/avr5/crtm16.o
                0x00000074                __init
 *(.init0)
 *(.init1)
 *(.init1)
 *(.init2)
 .init2         0x00000074        0xc c:/winavr-20100110/bin/../lib/gcc/avr/4.3.3/../../../../avr/lib/avr5/crtm16.o
 *(.init2)
 *(.init3)
 *(.init3)
 *(.init4)
 .init4         0x00000080       0x16 c:/winavr-20100110/bin/../lib/gcc/avr/4.3.3/avr5\libgcc.a(_copy_data.o)
                0x00000080                __do_copy_data
 .init4         0x00000096       0x10 c:/winavr-20100110/bin/../lib/gcc/avr/4.3.3/avr5\libgcc.a(_clear_bss.o)
                0x00000096                __do_clear_bss
 *(.init4)
 *(.init5)
 *(.init5)
 *(.init6)
 *(.init6)
 *(.init7)
 *(.init7)
 *(.init8)
 *(.init8)
 *(.init9)
 .init9         0x000000a6        0x8 c:/winavr-20100110/bin/../lib/gcc/avr/4.3.3/../../../../avr/lib/avr5/crtm16.o
 *(.init9)
 *(.text)
 .text          0x000000ae        0x4 c:/winavr-20100110/bin/../lib/gcc/avr/4.3.3/../../../../avr/lib/avr5/crtm16.o
                0x000000ae                __vector_1
                0x000000ae                __bad_interrupt
                0x000000ae                __vector_6
                0x000000ae                __vector_3
                0x000000ae                __vector_13
                0x000000ae                __vector_17
                0x000000ae                __vector_19
                0x000000ae                __vector_7
                0x000000ae                __vector_5
                0x000000ae                __vector_4
                0x000000ae                __vector_2
                0x000000ae                __vector_15
                0x000000ae                __vector_8
                0x000000ae                __vector_10
                0x000000ae                __vector_16
                0x000000ae                __vector_18
                0x000000ae                __vector_20
 .text          0x000000b2       0x7a build.obj/kernel.o
                0x000000b2                main
 .text          0x0000012c      0x16a build.obj/Timer0.o
                0x000001ba                f_SysTick
                0x0000018a                f_SystickSetErrLevel
                0x0000012c                f_InitSysTimer
                0x00000194                __vector_9
                0x00000188                f_SwTimerLCM
                0x00000186                f_SwTimerKey
                0x0000017c                f_flashled
 .text          0x00000296       0x90 build.obj/typeconv.o
                0x000002f6                f_HexBinByte
                0x000002b8                f_HexBin
                0x00000296                f_BinHex
 .text          0x00000326      0x1b4 build.obj/applic.o
                0x00000326                applications_reducer
                0x0000044e                f_Applic
                0x00000354                my_Applic4
                0x0000035c                f_LockUnLock
                0x00000358                my_Applic6
                0x0000035a                my_Applic7
                0x000004c2                my_Applic
                0x0000039a                f_LockFSM
                0x00000476                my_Applic2
                0x00000356                my_Applic5
                0x00000380                f_LockLock
                0x00000454                f_Init_Applic
                0x00000376                f_LockIdle
                0x00000352                my_Applic3
 .text          0x000004da      0x1dc build.obj/Uart.o
                0x0000062e                f_Uart_PutChar
                0x0000051c                __vector_12
                0x000005e4                f_Uart_GetChar
                0x00000582                __vector_11
                0x0000067e                f_Uart_PutStr
                0x000004da                f_ConfigSerial
                0x000006ac                f_Uart_NL
                0x000006a2                f_Uart_ClrScr
 .text          0x000006b6       0xea build.obj/adc.o
                0x00000728                f_SysADC
                0x000006b6                f_ConfigADC
                0x0000071a                f_StartADC
                0x0000073a                __vector_14
 .text          0x000007a0        0xa build.obj/debugger.o
                0x000007a2                f_TaskDebugger
                0x000007a4                f_CheckSyntax
                0x000007a8                f_debug_port
                0x000007a6                f_ProcessCMD
                0x000007a0                f_InitDebug
 .text          0x000007aa       0x18 build.obj/dbgext.o
                0x000007ae                f_DebugFPGARd
                0x000007ac                f_DebugFPGAWr
                0x000007aa                f_Dbg_User_Cmd
                0x000007b4                f_DebugLCMWrData
                0x000007be                f_DebugLPCRd
                0x000007b6                f_DebugLCMRd
                0x000007b2                f_DebugLCMWrCmd
                0x000007bc                f_DebugSSTWr
                0x000007ba                f_DebugLPCWr
 .text          0x000007c2       0x10 build.obj/eeprom.o
                0x000007ca                f_EERead
                0x000007c2                f_EEWrite
 .text          0x000007d2      0x23c build.obj/serapp.o
                0x000007f2                f_ProcessAPPCMD
                0x00000884                f_ProcessAPPKey
                0x00000994                f_SerApp
                0x000007de                f_SerApp_DbgEn
                0x000007d2                f_InitSerApp
 .text          0x00000a0e       0x50 build.obj/Timer1.o
                0x00000a0e                f_PWM1Enable
                0x00000a32                f_InitPWM1
                0x00000a48                f_PWM1Set
                0x00000a20                f_PWM1Disable
 .text          0x00000a5e      0x188 build.obj/scard.o
                0x00000ba8                f_SCard_CheckCardIn
                0x00000b1c                f_SCard_MatchID
                0x00000a88                f_SCard_RstCard
                0x00000a98                f_SCard_Read
                0x00000a76                f_SCard_CCLK
                0x00000a5e                f_Init_SCard
 .text          0x00000be6       0x64 build.obj/delay.o
                0x00000bec                f_Delay_us
                0x00000c02                f_Delay_ms
                0x00000be6                f_delay_loop_1
 .text          0x00000c4a        0x0 c:/winavr-20100110/bin/../lib/gcc/avr/4.3.3/avr5\libgcc.a(_udivmodhi4.o)
 .text          0x00000c4a        0x0 c:/winavr-20100110/bin/../lib/gcc/avr/4.3.3/avr5\libgcc.a(_exit.o)
 .text          0x00000c4a        0x0 c:/winavr-20100110/bin/../lib/gcc/avr/4.3.3/avr5\libgcc.a(_copy_data.o)
 .text          0x00000c4a        0x0 c:/winavr-20100110/bin/../lib/gcc/avr/4.3.3/avr5\libgcc.a(_clear_bss.o)
 .text          0x00000c4a        0x0 c:/winavr-20100110/bin/../lib/gcc/avr/4.3.3/../../../../avr/lib/avr5\libc.a(eerd_byte_atmega16.o)
 .text          0x00000c4a        0x0 c:/winavr-20100110/bin/../lib/gcc/avr/4.3.3/../../../../avr/lib/avr5\libc.a(eewr_byte_atmega16.o)
                0x00000c4a                . = ALIGN (0x2)
 *(.text.*)
 .text.libgcc   0x00000c4a       0x28 c:/winavr-20100110/bin/../lib/gcc/avr/4.3.3/avr5\libgcc.a(_udivmodhi4.o)
                0x00000c4a                __udivmodhi4
 .text.libgcc   0x00000c72        0x0 c:/winavr-20100110/bin/../lib/gcc/avr/4.3.3/avr5\libgcc.a(_exit.o)
 .text.libgcc   0x00000c72        0x0 c:/winavr-20100110/bin/../lib/gcc/avr/4.3.3/avr5\libgcc.a(_copy_data.o)
 .text.libgcc   0x00000c72        0x0 c:/winavr-20100110/bin/../lib/gcc/avr/4.3.3/avr5\libgcc.a(_clear_bss.o)
 .text.avr-libc
                0x00000c72       0x10 c:/winavr-20100110/bin/../lib/gcc/avr/4.3.3/../../../../avr/lib/avr5\libc.a(eerd_byte_atmega16.o)
                0x00000c72                __eerd_byte_m16
 .text.avr-libc
                0x00000c82       0x1a c:/winavr-20100110/bin/../lib/gcc/avr/4.3.3/../../../../avr/lib/avr5\libc.a(eewr_byte_atmega16.o)
                0x00000c84                __eewr_r18_m16
                0x00000c82                __eewr_byte_m16
                0x00000c9c                . = ALIGN (0x2)
 *(.fini9)
 .fini9         0x00000c9c        0x0 c:/winavr-20100110/bin/../lib/gcc/avr/4.3.3/avr5\libgcc.a(_exit.o)
                0x00000c9c                exit
                0x00000c9c                _exit
 *(.fini9)
 *(.fini8)
 *(.fini8)
 *(.fini7)
 *(.fini7)
 *(.fini6)
 *(.fini6)
 *(.fini5)
 *(.fini5)
 *(.fini4)
 *(.fini4)
 *(.fini3)
 *(.fini3)
 *(.fini2)
 *(.fini2)
 *(.fini1)
 *(.fini1)
 *(.fini0)
 .fini0         0x00000c9c        0x4 c:/winavr-20100110/bin/../lib/gcc/avr/4.3.3/avr5\libgcc.a(_exit.o)
 *(.fini0)
                0x00000ca0                _etext = .

.data           0x00800060      0x19e load address 0x00000ca0
                0x00800060                PROVIDE (__data_start, .)
 *(.data)
 .data          0x00800060        0x0 c:/winavr-20100110/bin/../lib/gcc/avr/4.3.3/../../../../avr/lib/avr5/crtm16.o
 .data          0x00800060       0x9d build.obj/kernel.o
 .data          0x008000fd        0xc build.obj/Timer0.o
 .data          0x00800109       0x10 build.obj/typeconv.o
 .data          0x00800119       0x48 build.obj/applic.o
                0x0080015f                end2
                0x0080014d                f_Applic_function
                0x0080015d                start2
 .data          0x00800161        0xb build.obj/Uart.o
                0x00800169                UART_NL
                0x00800161                UART_CLR
 .data          0x0080016c        0x0 build.obj/adc.o
 .data          0x0080016c        0x0 build.obj/debugger.o
 .data          0x0080016c        0x0 build.obj/dbgext.o
 .data          0x0080016c        0x0 build.obj/eeprom.o
 .data          0x0080016c       0x8f build.obj/serapp.o
 .data          0x008001fb        0x0 build.obj/Timer1.o
 .data          0x008001fb        0x2 build.obj/scard.o
 .data          0x008001fd        0x0 build.obj/delay.o
 .data          0x008001fd        0x0 c:/winavr-20100110/bin/../lib/gcc/avr/4.3.3/avr5\libgcc.a(_udivmodhi4.o)
 .data          0x008001fd        0x0 c:/winavr-20100110/bin/../lib/gcc/avr/4.3.3/avr5\libgcc.a(_exit.o)
 .data          0x008001fd        0x0 c:/winavr-20100110/bin/../lib/gcc/avr/4.3.3/avr5\libgcc.a(_copy_data.o)
 .data          0x008001fd        0x0 c:/winavr-20100110/bin/../lib/gcc/avr/4.3.3/avr5\libgcc.a(_clear_bss.o)
 .data          0x008001fd        0x0 c:/winavr-20100110/bin/../lib/gcc/avr/4.3.3/../../../../avr/lib/avr5\libc.a(eerd_byte_atmega16.o)
 .data          0x008001fd        0x0 c:/winavr-20100110/bin/../lib/gcc/avr/4.3.3/../../../../avr/lib/avr5\libc.a(eewr_byte_atmega16.o)
 *(.data*)
 *(.rodata)
 *(.rodata*)
 *(.gnu.linkonce.d*)
                0x008001fe                . = ALIGN (0x2)
 *fill*         0x008001fd        0x1 00
                0x008001fe                _edata = .
                0x008001fe                PROVIDE (__data_end, .)

.bss            0x008001fe       0xc8
                0x008001fe                PROVIDE (__bss_start, .)
 *(.bss)
 .bss           0x008001fe        0x0 c:/winavr-20100110/bin/../lib/gcc/avr/4.3.3/../../../../avr/lib/avr5/crtm16.o
 .bss           0x008001fe        0x0 build.obj/kernel.o
 .bss           0x008001fe        0x0 build.obj/Timer0.o
 .bss           0x008001fe        0x0 build.obj/typeconv.o
 .bss           0x008001fe        0x2 build.obj/applic.o
                0x008001ff                i2
                0x008001fe                c
 .bss           0x00800200        0x0 build.obj/Uart.o
 .bss           0x00800200        0x0 build.obj/adc.o
 .bss           0x00800200        0x0 build.obj/debugger.o
 .bss           0x00800200        0x0 build.obj/dbgext.o
 .bss           0x00800200        0x0 build.obj/eeprom.o
 .bss           0x00800200        0x0 build.obj/serapp.o
 .bss           0x00800200        0x0 build.obj/Timer1.o
 .bss           0x00800200        0x0 build.obj/scard.o
 .bss           0x00800200        0x0 build.obj/delay.o
 .bss           0x00800200        0x0 c:/winavr-20100110/bin/../lib/gcc/avr/4.3.3/avr5\libgcc.a(_udivmodhi4.o)
 .bss           0x00800200        0x0 c:/winavr-20100110/bin/../lib/gcc/avr/4.3.3/avr5\libgcc.a(_exit.o)
 .bss           0x00800200        0x0 c:/winavr-20100110/bin/../lib/gcc/avr/4.3.3/avr5\libgcc.a(_copy_data.o)
 .bss           0x00800200        0x0 c:/winavr-20100110/bin/../lib/gcc/avr/4.3.3/avr5\libgcc.a(_clear_bss.o)
 .bss           0x00800200        0x0 c:/winavr-20100110/bin/../lib/gcc/avr/4.3.3/../../../../avr/lib/avr5\libc.a(eerd_byte_atmega16.o)
 .bss           0x00800200        0x0 c:/winavr-20100110/bin/../lib/gcc/avr/4.3.3/../../../../avr/lib/avr5\libc.a(eewr_byte_atmega16.o)
 *(.bss*)
 *(COMMON)
 COMMON         0x00800200        0x2 build.obj/kernel.o
                0x00800200                v_SysStat
                0x00800201                v_StatReg
 COMMON         0x00800202        0xc build.obj/Timer0.o
                0x00800202                v_ErrLevel
                0x00800204                v_SysTimer
                0x00800206                v_SwTimer_mS
 COMMON         0x0080020e        0x5 build.obj/applic.o
                0x0080020e                app_subscription
                0x0080020f                state_Lock
                0x00800211                v_ServoUnLock
                0x00800212                v_ServoLock
 COMMON         0x00800213       0x5a build.obj/Uart.o
                0x00800213                v_uart_txbuf_cnt
                0x00800214                p_uart_rxin
                0x00800216                p_uart_rxout
                0x00800218                buf_uart_rx
                0x00800228                v_uart_rxbuf_cnt
                0x00800229                buf_uart_tx
                0x00800269                p_uart_txin
                0x0080026b                p_uart_txout
 COMMON         0x0080026d       0x10 build.obj/adc.o
                0x0080026d                v_Chan
 COMMON         0x0080027d       0x48 build.obj/serapp.o
                0x0080027d                v_pwmcnt
                0x0080027e                buf_types
                0x008002ba                buf_appentry
                0x008002c4                v_appcnt
 COMMON         0x008002c5        0x1 build.obj/scard.o
                0x008002c5                v_CardStatus
                0x008002c6                PROVIDE (__bss_end, .)
                0x00000ca0                __data_load_start = LOADADDR (.data)
                0x00000e3e                __data_load_end = (__data_load_start + SIZEOF (.data))

.noinit         0x008002c6        0x0
                0x008002c6                PROVIDE (__noinit_start, .)
 *(.noinit*)
                0x008002c6                PROVIDE (__noinit_end, .)
                0x008002c6                _end = .
                0x008002c6                PROVIDE (__heap_start, .)

.eeprom         0x00810000        0x0
 *(.eeprom*)
                0x00810000                __eeprom_end = .

.fuse
 *(.fuse)
 *(.lfuse)
 *(.hfuse)
 *(.efuse)

.lock
 *(.lock*)

.signature
 *(.signature*)

.stab
 *(.stab)

.stabstr
 *(.stabstr)

.stab.excl
 *(.stab.excl)

.stab.exclstr
 *(.stab.exclstr)

.stab.index
 *(.stab.index)

.stab.indexstr
 *(.stab.indexstr)

.comment
 *(.comment)

.debug
 *(.debug)

.line
 *(.line)

.debug_srcinfo
 *(.debug_srcinfo)

.debug_sfnames
 *(.debug_sfnames)

.debug_aranges  0x00000000      0x1a0
 *(.debug_aranges)
 .debug_aranges
                0x00000000       0x20 build.obj/kernel.o
 .debug_aranges
                0x00000020       0x20 build.obj/Timer0.o
 .debug_aranges
                0x00000040       0x20 build.obj/typeconv.o
 .debug_aranges
                0x00000060       0x20 build.obj/applic.o
 .debug_aranges
                0x00000080       0x20 build.obj/Uart.o
 .debug_aranges
                0x000000a0       0x20 build.obj/adc.o
 .debug_aranges
                0x000000c0       0x20 build.obj/debugger.o
 .debug_aranges
                0x000000e0       0x20 build.obj/dbgext.o
 .debug_aranges
                0x00000100       0x20 build.obj/eeprom.o
 .debug_aranges
                0x00000120       0x20 build.obj/serapp.o
 .debug_aranges
                0x00000140       0x20 build.obj/Timer1.o
 .debug_aranges
                0x00000160       0x20 build.obj/scard.o
 .debug_aranges
                0x00000180       0x20 build.obj/delay.o

.debug_pubnames
                0x00000000      0x761
 *(.debug_pubnames)
 .debug_pubnames
                0x00000000       0x37 build.obj/kernel.o
 .debug_pubnames
                0x00000037       0xbb build.obj/Timer0.o
 .debug_pubnames
                0x000000f2       0x3d build.obj/typeconv.o
 .debug_pubnames
                0x0000012f      0x16c build.obj/applic.o
 .debug_pubnames
                0x0000029b      0x142 build.obj/Uart.o
 .debug_pubnames
                0x000003dd       0x59 build.obj/adc.o
 .debug_pubnames
                0x00000436       0x69 build.obj/debugger.o
 .debug_pubnames
                0x0000049f       0xb6 build.obj/dbgext.o
 .debug_pubnames
                0x00000555       0x2d build.obj/eeprom.o
 .debug_pubnames
                0x00000582       0xa4 build.obj/serapp.o
 .debug_pubnames
                0x00000626       0x52 build.obj/Timer1.o
 .debug_pubnames
                0x00000678       0xa6 build.obj/scard.o
 .debug_pubnames
                0x0000071e       0x43 build.obj/delay.o

.debug_info     0x00000000     0x176a
 *(.debug_info)
 .debug_info    0x00000000      0x113 build.obj/kernel.o
 .debug_info    0x00000113      0x1f1 build.obj/Timer0.o
 .debug_info    0x00000304      0x180 build.obj/typeconv.o
 .debug_info    0x00000484      0x306 build.obj/applic.o
 .debug_info    0x0000078a      0x29e build.obj/Uart.o
 .debug_info    0x00000a28      0x16d build.obj/adc.o
 .debug_info    0x00000b95       0xf6 build.obj/debugger.o
 .debug_info    0x00000c8b      0x1fe build.obj/dbgext.o
 .debug_info    0x00000e89       0xe8 build.obj/eeprom.o
 .debug_info    0x00000f71      0x239 build.obj/serapp.o
 .debug_info    0x000011aa      0x10d build.obj/Timer1.o
 .debug_info    0x000012b7      0x261 build.obj/scard.o
 .debug_info    0x00001518      0x252 build.obj/delay.o
 *(.gnu.linkonce.wi.*)

.debug_abbrev   0x00000000      0xae3
 *(.debug_abbrev)
 .debug_abbrev  0x00000000       0xa8 build.obj/kernel.o
 .debug_abbrev  0x000000a8      0x10f build.obj/Timer0.o
 .debug_abbrev  0x000001b7       0xd0 build.obj/typeconv.o
 .debug_abbrev  0x00000287      0x127 build.obj/applic.o
 .debug_abbrev  0x000003ae       0xee build.obj/Uart.o
 .debug_abbrev  0x0000049c       0xf9 build.obj/adc.o
 .debug_abbrev  0x00000595       0x79 build.obj/debugger.o
 .debug_abbrev  0x0000060e       0xa6 build.obj/dbgext.o
 .debug_abbrev  0x000006b4       0x81 build.obj/eeprom.o
 .debug_abbrev  0x00000735      0x103 build.obj/serapp.o
 .debug_abbrev  0x00000838       0x87 build.obj/Timer1.o
 .debug_abbrev  0x000008bf      0x102 build.obj/scard.o
 .debug_abbrev  0x000009c1      0x122 build.obj/delay.o

.debug_line     0x00000000     0x15b0
 *(.debug_line)
 .debug_line    0x00000000      0x13b build.obj/kernel.o
 .debug_line    0x0000013b      0x21a build.obj/Timer0.o
 .debug_line    0x00000355      0x153 build.obj/typeconv.o
 .debug_line    0x000004a8      0x2d5 build.obj/applic.o
 .debug_line    0x0000077d      0x271 build.obj/Uart.o
 .debug_line    0x000009ee      0x140 build.obj/adc.o
 .debug_line    0x00000b2e       0xd3 build.obj/debugger.o
 .debug_line    0x00000c01      0x111 build.obj/dbgext.o
 .debug_line    0x00000d12       0xb9 build.obj/eeprom.o
 .debug_line    0x00000dcb      0x2d3 build.obj/serapp.o
 .debug_line    0x0000109e      0x143 build.obj/Timer1.o
 .debug_line    0x000011e1      0x26a build.obj/scard.o
 .debug_line    0x0000144b      0x165 build.obj/delay.o

.debug_frame    0x00000000      0x540
 *(.debug_frame)
 .debug_frame   0x00000000       0x20 build.obj/kernel.o
 .debug_frame   0x00000020       0x80 build.obj/Timer0.o
 .debug_frame   0x000000a0       0x40 build.obj/typeconv.o
 .debug_frame   0x000000e0       0xf0 build.obj/applic.o
 .debug_frame   0x000001d0       0x90 build.obj/Uart.o
 .debug_frame   0x00000260       0x50 build.obj/adc.o
 .debug_frame   0x000002b0       0x60 build.obj/debugger.o
 .debug_frame   0x00000310       0xa0 build.obj/dbgext.o
 .debug_frame   0x000003b0       0x30 build.obj/eeprom.o
 .debug_frame   0x000003e0       0x60 build.obj/serapp.o
 .debug_frame   0x00000440       0x50 build.obj/Timer1.o
 .debug_frame   0x00000490       0x70 build.obj/scard.o
 .debug_frame   0x00000500       0x40 build.obj/delay.o

.debug_str      0x00000000      0x839
 *(.debug_str)
 .debug_str     0x00000000       0xe0 build.obj/kernel.o
                                0x119 (size before relaxing)
 .debug_str     0x000000e0       0xb9 build.obj/Timer0.o
                                0x19d (size before relaxing)
 .debug_str     0x00000199       0x5d build.obj/typeconv.o
                                0x105 (size before relaxing)
 .debug_str     0x000001f6      0x168 build.obj/applic.o
                                0x256 (size before relaxing)
 .debug_str     0x0000035e      0x108 build.obj/Uart.o
                                0x1e7 (size before relaxing)
 .debug_str     0x00000466       0x52 build.obj/adc.o
                                0x14b (size before relaxing)
 .debug_str     0x000004b8       0x58 build.obj/debugger.o
                                0x137 (size before relaxing)
 .debug_str     0x00000510       0x9a build.obj/dbgext.o
                                0x140 (size before relaxing)
 .debug_str     0x000005aa       0x31 build.obj/eeprom.o
                                0x112 (size before relaxing)
 .debug_str     0x000005db       0xa1 build.obj/serapp.o
                                0x1bd (size before relaxing)
 .debug_str     0x0000067c       0x5c build.obj/Timer1.o
                                0x136 (size before relaxing)
 .debug_str     0x000006d8       0xfe build.obj/scard.o
                                0x1e3 (size before relaxing)
 .debug_str     0x000007d6       0x63 build.obj/delay.o
                                0x145 (size before relaxing)

.debug_loc      0x00000000      0x4a0
 *(.debug_loc)
 .debug_loc     0x00000000       0x13 build.obj/Timer0.o
 .debug_loc     0x00000013       0xd5 build.obj/typeconv.o
 .debug_loc     0x000000e8       0x13 build.obj/applic.o
 .debug_loc     0x000000fb       0x4e build.obj/Uart.o
 .debug_loc     0x00000149       0x3f build.obj/adc.o
 .debug_loc     0x00000188       0x26 build.obj/dbgext.o
 .debug_loc     0x000001ae       0x39 build.obj/eeprom.o
 .debug_loc     0x000001e7      0x13a build.obj/serapp.o
 .debug_loc     0x00000321       0xd1 build.obj/scard.o
 .debug_loc     0x000003f2       0xae build.obj/delay.o

.debug_macinfo
 *(.debug_macinfo)
OUTPUT(build.obj/kernel.elf elf32-avr)
LOAD linker stubs

.debug_ranges   0x00000000       0x48
 .debug_ranges  0x00000000       0x48 build.obj/delay.o

Cross Reference Table

Symbol                                            File
UART_CLR                                          build.obj/Uart.o
UART_NL                                           build.obj/Uart.o
__bad_interrupt                                   c:/winavr-20100110/bin/../lib/gcc/avr/4.3.3/../../../../avr/lib/avr5/crtm16.o
__bss_end                                         c:/winavr-20100110/bin/../lib/gcc/avr/4.3.3/avr5\libgcc.a(_clear_bss.o)
__bss_start                                       c:/winavr-20100110/bin/../lib/gcc/avr/4.3.3/avr5\libgcc.a(_clear_bss.o)
__data_end                                        c:/winavr-20100110/bin/../lib/gcc/avr/4.3.3/avr5\libgcc.a(_copy_data.o)
__data_load_start                                 c:/winavr-20100110/bin/../lib/gcc/avr/4.3.3/avr5\libgcc.a(_copy_data.o)
__data_start                                      c:/winavr-20100110/bin/../lib/gcc/avr/4.3.3/avr5\libgcc.a(_copy_data.o)
__do_clear_bss                                    c:/winavr-20100110/bin/../lib/gcc/avr/4.3.3/avr5\libgcc.a(_clear_bss.o)
                                                  build.obj/scard.o
                                                  build.obj/serapp.o
                                                  build.obj/adc.o
                                                  build.obj/Uart.o
                                                  build.obj/applic.o
                                                  build.obj/Timer0.o
                                                  build.obj/kernel.o
__do_copy_data                                    c:/winavr-20100110/bin/../lib/gcc/avr/4.3.3/avr5\libgcc.a(_copy_data.o)
                                                  build.obj/scard.o
                                                  build.obj/serapp.o
                                                  build.obj/Uart.o
                                                  build.obj/applic.o
                                                  build.obj/typeconv.o
                                                  build.obj/Timer0.o
                                                  build.obj/kernel.o
__eerd_byte_m16                                   c:/winavr-20100110/bin/../lib/gcc/avr/4.3.3/../../../../avr/lib/avr5\libc.a(eerd_byte_atmega16.o)
                                                  build.obj/eeprom.o
__eewr_byte_m16                                   c:/winavr-20100110/bin/../lib/gcc/avr/4.3.3/../../../../avr/lib/avr5\libc.a(eewr_byte_atmega16.o)
                                                  build.obj/eeprom.o
__eewr_r18_m16                                    c:/winavr-20100110/bin/../lib/gcc/avr/4.3.3/../../../../avr/lib/avr5\libc.a(eewr_byte_atmega16.o)
__heap_end                                        c:/winavr-20100110/bin/../lib/gcc/avr/4.3.3/../../../../avr/lib/avr5/crtm16.o
__init                                            c:/winavr-20100110/bin/../lib/gcc/avr/4.3.3/../../../../avr/lib/avr5/crtm16.o
__stack                                           c:/winavr-20100110/bin/../lib/gcc/avr/4.3.3/../../../../avr/lib/avr5/crtm16.o
__udivmodhi4                                      c:/winavr-20100110/bin/../lib/gcc/avr/4.3.3/avr5\libgcc.a(_udivmodhi4.o)
                                                  build.obj/Timer0.o
__vector_1                                        c:/winavr-20100110/bin/../lib/gcc/avr/4.3.3/../../../../avr/lib/avr5/crtm16.o
__vector_10                                       c:/winavr-20100110/bin/../lib/gcc/avr/4.3.3/../../../../avr/lib/avr5/crtm16.o
__vector_11                                       build.obj/Uart.o
                                                  c:/winavr-20100110/bin/../lib/gcc/avr/4.3.3/../../../../avr/lib/avr5/crtm16.o
__vector_12                                       build.obj/Uart.o
                                                  c:/winavr-20100110/bin/../lib/gcc/avr/4.3.3/../../../../avr/lib/avr5/crtm16.o
__vector_13                                       c:/winavr-20100110/bin/../lib/gcc/avr/4.3.3/../../../../avr/lib/avr5/crtm16.o
__vector_14                                       build.obj/adc.o
                                                  c:/winavr-20100110/bin/../lib/gcc/avr/4.3.3/../../../../avr/lib/avr5/crtm16.o
__vector_15                                       c:/winavr-20100110/bin/../lib/gcc/avr/4.3.3/../../../../avr/lib/avr5/crtm16.o
__vector_16                                       c:/winavr-20100110/bin/../lib/gcc/avr/4.3.3/../../../../avr/lib/avr5/crtm16.o
__vector_17                                       c:/winavr-20100110/bin/../lib/gcc/avr/4.3.3/../../../../avr/lib/avr5/crtm16.o
__vector_18                                       c:/winavr-20100110/bin/../lib/gcc/avr/4.3.3/../../../../avr/lib/avr5/crtm16.o
__vector_19                                       c:/winavr-20100110/bin/../lib/gcc/avr/4.3.3/../../../../avr/lib/avr5/crtm16.o
__vector_2                                        c:/winavr-20100110/bin/../lib/gcc/avr/4.3.3/../../../../avr/lib/avr5/crtm16.o
__vector_20                                       c:/winavr-20100110/bin/../lib/gcc/avr/4.3.3/../../../../avr/lib/avr5/crtm16.o
__vector_3                                        c:/winavr-20100110/bin/../lib/gcc/avr/4.3.3/../../../../avr/lib/avr5/crtm16.o
__vector_4                                        c:/winavr-20100110/bin/../lib/gcc/avr/4.3.3/../../../../avr/lib/avr5/crtm16.o
__vector_5                                        c:/winavr-20100110/bin/../lib/gcc/avr/4.3.3/../../../../avr/lib/avr5/crtm16.o
__vector_6                                        c:/winavr-20100110/bin/../lib/gcc/avr/4.3.3/../../../../avr/lib/avr5/crtm16.o
__vector_7                                        c:/winavr-20100110/bin/../lib/gcc/avr/4.3.3/../../../../avr/lib/avr5/crtm16.o
__vector_8                                        c:/winavr-20100110/bin/../lib/gcc/avr/4.3.3/../../../../avr/lib/avr5/crtm16.o
__vector_9                                        build.obj/Timer0.o
                                                  c:/winavr-20100110/bin/../lib/gcc/avr/4.3.3/../../../../avr/lib/avr5/crtm16.o
__vector_default                                  c:/winavr-20100110/bin/../lib/gcc/avr/4.3.3/../../../../avr/lib/avr5/crtm16.o
__vectors                                         c:/winavr-20100110/bin/../lib/gcc/avr/4.3.3/../../../../avr/lib/avr5/crtm16.o
_exit                                             c:/winavr-20100110/bin/../lib/gcc/avr/4.3.3/avr5\libgcc.a(_exit.o)
app_subscription                                  build.obj/applic.o
applications_reducer                              build.obj/applic.o
                                                  build.obj/kernel.o
buf_appentry                                      build.obj/serapp.o
buf_types                                         build.obj/serapp.o
buf_uart_rx                                       build.obj/Uart.o
buf_uart_tx                                       build.obj/Uart.o
c                                                 build.obj/applic.o
end2                                              build.obj/applic.o
exit                                              c:/winavr-20100110/bin/../lib/gcc/avr/4.3.3/avr5\libgcc.a(_exit.o)
                                                  c:/winavr-20100110/bin/../lib/gcc/avr/4.3.3/../../../../avr/lib/avr5/crtm16.o
f_Applic                                          build.obj/applic.o
f_Applic_function                                 build.obj/applic.o
f_BinHex                                          build.obj/typeconv.o
                                                  build.obj/scard.o
f_CheckSyntax                                     build.obj/debugger.o
f_ConfigADC                                       build.obj/adc.o
                                                  build.obj/kernel.o
f_ConfigSerial                                    build.obj/Uart.o
                                                  build.obj/kernel.o
f_Dbg_User_Cmd                                    build.obj/dbgext.o
f_DebugFPGARd                                     build.obj/dbgext.o
f_DebugFPGAWr                                     build.obj/dbgext.o
f_DebugLCMRd                                      build.obj/dbgext.o
f_DebugLCMWrCmd                                   build.obj/dbgext.o
f_DebugLCMWrData                                  build.obj/dbgext.o
f_DebugLPCRd                                      build.obj/dbgext.o
f_DebugLPCWr                                      build.obj/dbgext.o
f_DebugSSTWr                                      build.obj/dbgext.o
f_Delay_ms                                        build.obj/delay.o
                                                  build.obj/applic.o
f_Delay_us                                        build.obj/delay.o
                                                  build.obj/scard.o
f_EERead                                          build.obj/eeprom.o
f_EEWrite                                         build.obj/eeprom.o
f_HexBin                                          build.obj/typeconv.o
f_HexBinByte                                      build.obj/typeconv.o
f_InitDebug                                       build.obj/debugger.o
                                                  build.obj/kernel.o
f_InitPWM1                                        build.obj/Timer1.o
                                                  build.obj/applic.o
                                                  build.obj/kernel.o
f_InitSerApp                                      build.obj/serapp.o
                                                  build.obj/kernel.o
f_InitSysTimer                                    build.obj/Timer0.o
                                                  build.obj/kernel.o
f_Init_Applic                                     build.obj/applic.o
f_Init_SCard                                      build.obj/scard.o
                                                  build.obj/kernel.o
f_LockFSM                                         build.obj/applic.o
f_LockIdle                                        build.obj/applic.o
f_LockLock                                        build.obj/applic.o
f_LockUnLock                                      build.obj/applic.o
f_PWM1Disable                                     build.obj/Timer1.o
                                                  build.obj/serapp.o
f_PWM1Enable                                      build.obj/Timer1.o
                                                  build.obj/serapp.o
                                                  build.obj/applic.o
f_PWM1Set                                         build.obj/Timer1.o
                                                  build.obj/serapp.o
                                                  build.obj/applic.o
f_ProcessAPPCMD                                   build.obj/serapp.o
f_ProcessAPPKey                                   build.obj/serapp.o
f_ProcessCMD                                      build.obj/debugger.o
f_SCard_CCLK                                      build.obj/scard.o
f_SCard_CheckCardIn                               build.obj/scard.o
                                                  build.obj/applic.o
f_SCard_MatchID                                   build.obj/scard.o
f_SCard_Read                                      build.obj/scard.o
f_SCard_RstCard                                   build.obj/scard.o
f_SerApp                                          build.obj/serapp.o
                                                  build.obj/kernel.o
f_SerApp_DbgEn                                    build.obj/serapp.o
f_StartADC                                        build.obj/adc.o
f_SwTimerKey                                      build.obj/Timer0.o
f_SwTimerLCM                                      build.obj/Timer0.o
f_SysADC                                          build.obj/adc.o
                                                  build.obj/kernel.o
f_SysTick                                         build.obj/Timer0.o
                                                  build.obj/kernel.o
f_SystickSetErrLevel                              build.obj/Timer0.o
f_TaskDebugger                                    build.obj/debugger.o
                                                  build.obj/kernel.o
f_Uart_ClrScr                                     build.obj/Uart.o
                                                  build.obj/kernel.o
f_Uart_GetChar                                    build.obj/Uart.o
                                                  build.obj/serapp.o
f_Uart_NL                                         build.obj/Uart.o
f_Uart_PutChar                                    build.obj/Uart.o
                                                  build.obj/serapp.o
f_Uart_PutStr                                     build.obj/Uart.o
                                                  build.obj/scard.o
                                                  build.obj/serapp.o
                                                  build.obj/applic.o
                                                  build.obj/Timer0.o
                                                  build.obj/kernel.o
f_debug_port                                      build.obj/debugger.o
                                                  build.obj/applic.o
f_delay_loop_1                                    build.obj/delay.o
f_flashled                                        build.obj/Timer0.o
i2                                                build.obj/applic.o
lut_SCARDID                                       build.obj/scard.o
main                                              build.obj/kernel.o
                                                  c:/winavr-20100110/bin/../lib/gcc/avr/4.3.3/../../../../avr/lib/avr5/crtm16.o
my_Applic                                         build.obj/applic.o
my_Applic2                                        build.obj/applic.o
my_Applic3                                        build.obj/applic.o
my_Applic4                                        build.obj/applic.o
my_Applic5                                        build.obj/applic.o
my_Applic6                                        build.obj/applic.o
my_Applic7                                        build.obj/applic.o
p_uart_rxin                                       build.obj/Uart.o
p_uart_rxout                                      build.obj/Uart.o
p_uart_txin                                       build.obj/Uart.o
p_uart_txout                                      build.obj/Uart.o
start2                                            build.obj/applic.o
state_Lock                                        build.obj/applic.o
v_CardStatus                                      build.obj/scard.o
v_Chan                                            build.obj/adc.o
v_ErrLevel                                        build.obj/Timer0.o
v_ServoLock                                       build.obj/serapp.o
                                                  build.obj/applic.o
v_ServoUnLock                                     build.obj/serapp.o
                                                  build.obj/applic.o
v_StatReg                                         build.obj/kernel.o
v_SwTimer_mS                                      build.obj/applic.o
                                                  build.obj/Timer0.o
v_SysStat                                         build.obj/serapp.o
                                                  build.obj/adc.o
                                                  build.obj/Timer0.o
                                                  build.obj/kernel.o
v_SysTimer                                        build.obj/Timer0.o
v_appcnt                                          build.obj/serapp.o
v_pwmcnt                                          build.obj/serapp.o
v_uart_rxbuf_cnt                                  build.obj/Uart.o
v_uart_txbuf_cnt                                  build.obj/Uart.o
